// Vitest Snapshot v1, https://vitest.dev/guide/snapshot.html

exports[`Button > should match snapshot 1`] = `
<DocumentFragment>
  <button
    class="sc-FEMpB blPeKa"
  >
    Click me
  </button>
</DocumentFragment>
`;
